// Jest Snapshot v1, https://goo.gl/fbAQLP

exports[`<Button /> render 1`] = `
<DocumentFragment>
  <button
    class="storybook-button storybook-button--medium storybook-button--secondary"
    type="button"
  >
    Button
  </button>
</DocumentFragment>
`;
